// Vitest Snapshot v1, https://vitest.dev/guide/snapshot.html

exports[`Headline > renders correctly 1`] = `"Hello, World!"`;
